// Vitest Snapshot v1, https://vitest.dev/guide/snapshot.html

exports[`<ReactCarouselQuery /> > should match snapshot 1`] = `
<div>
  <div
    class="container fullHeight fullWidth positionRelative overflowHidden"
  >
    <section
      aria-label="Carousel"
      aria-roledescription="carousel"
      class="carouselSection"
      tabindex="0"
    >
      <span
        aria-atomic="true"
        aria-live="polite"
        class="badgeIndex fadeInFadeOut badgeIndex"
        role="status"
      >
        <span
          class="srOnly"
        >
          Slide 
        </span>
        1
        /3
      </span>
      <div
        aria-live="off"
        class="container flexDisplay alignCenter fullHeight"
        style="transform: translateX(0px); transition-duration: 0s;"
      >
        <div
          aria-label="1 of 3"
          aria-roledescription="slide"
          class="container fullHeight fullWidth fullMaxHeight fullMinWidth"
          role="group"
        >
          <div
            data-testid="item-1"
          >
            Item 1
          </div>
        </div>
        <div
          aria-label="2 of 3"
          aria-roledescription="slide"
          class="container fullHeight fullWidth fullMaxHeight fullMinWidth"
          role="group"
        >
          <div
            data-testid="item-2"
          >
            Item 2
          </div>
        </div>
        <div
          aria-label="3 of 3"
          aria-roledescription="slide"
          class="container fullHeight fullWidth fullMaxHeight fullMinWidth"
          role="group"
        >
          <div
            data-testid="item-3"
          >
            Item 3
          </div>
        </div>
      </div>
    </section>
  </div>
</div>
`;
